// Jest Snapshot v1, https://goo.gl/fbAQLP

exports[`<LiveDataListItem /> Default LiveDataListItem should match snapshot 1`] = `
Array [
  <View
    style={
      Object {
        "alignItems": "center",
        "flexDirection": "row",
        "justifyContent": "space-between",
      }
    }
  >
    <View
      style={
        Object {
          "flexDirection": "column",
          "justifyContent": "space-between",
        }
      }
    >
      <Text
        style={
          Object {
            "color": "purple",
            "fontSize": 16,
            "fontWeight": "500",
          }
        }
      >
        itemName
      </Text>
      <Text
        style={
          Object {
            "color": "purple",
            "fontSize": 14,
            "fontWeight": "400",
          }
        }
      >
        itemData unitOfMeasurement
      </Text>
    </View>
    <Text>
      MockedIcon
    </Text>
  </View>,
  <View
    style={
      Object {
        "backgroundColor": "purple",
        "height": 1,
        "marginVertical": 5,
        "opacity": 0.3,
        "width": "100%",
      }
    }
    testID="horizontalSeparator"
  />,
]
`;
